                ;~~~~~~~~~~~~~~~~~~~~~~~~~~~~~~~~~~~~~~~~~~~~~~~~~~~~~~~~~~~~~~~~~~~~~~~~~~~~~~~~~
                ;~~  [MyCA] Macro Cross Assembler V1.05 for MyCPU, (c) 2016 by Dennis Kuschel  ~~
                ;~~~~~~~~~~~~~~~~~~~~~~~~~~~~~~~~~~~~~~~~~~~~~~~~~~~~~~~~~~~~~~~~~~~~~~~~~~~~~~~~~

                ;[File: knight_rider.asm]
                ;[ASCII]
                
                ;******************************************
                ;************* Knight Rider  **************
                ;******************************************
                ;*******  2017 by Robin Tönniges  *********
                ;******************************************
                
                ;[File: C:\Program Files (x86)\myca\include\sys.hsm]
                ;[ASCII]
                
                KERN_WARMSTART      EQU 0220h
                KERN_FILEINPUT      EQU 027Ah
                KERN_GETINFO        EQU 02A2h
                KERN_REGFILEDEVICE  EQU 0264h
                KERN_FSREGISTER     EQU 02AEh
                KERN_FSUNREGISTER   EQU 02B0h
                KERN_GETCHECKSUM16  EQU 02B2h
                KERN_SETMEMBORDERS  EQU 029Eh
                KERN_SETIDLEFUNC    EQU 02EAh
                KERN_IDLE           EQU 02ECh
                KERN_TESTVERSION    EQU 030Ch
                KERN_CONFIGBYTE     EQU 030Ah
                KERN_IDEDRIVER      EQU 030Eh
                KERN_MULTIPLEX      EQU 0312h
                KERN_PRGMOVE        EQU 032Ah
                
                ;[File: knight_rider.asm]
                ;[File: C:\Program Files (x86)\myca\include\tsr.hsm]
                ;[ASCII]
                
                ;[File: C:\Program Files (x86)\myca\include\code.hsm]
                ;[ASCII]
                
                KERN_ADAPTOPCODES   EQU 02C4h
                KERN_EXECUTEFILE    EQU 02BEh
                KERN_EXITTSR        EQU 02C2h
                KERN_KILLPROGRAM    EQU 02C0h
                KERN_KILLPROGEX     EQU 0328h
                KERN_SPECROMCALL    EQU 02B6h
                KERN_CALLFROMROM    EQU 02B8h
                KERN_CALLROM        EQU 02BAh
                KERN_LIBCALL        EQU 02CAh
                KERN_LIBSELECT      EQU 02CCh
                KERN_LIBDESELECT    EQU 02CEh
                KERN_LIBUNLOAD      EQU 02D0h
                KERN_ISLOADED       EQU 02D2h
                KERN_ASSERT         EQU 0326h
                
                REG_ROMPAGE  SET 3900h
                
                ;[File: C:\Program Files (x86)\myca\include\tsr.hsm]
                
                ORG 8000h
    8000 0280    DW 8002h
    8002 0C80    DW tsrinitfunc
    8004 7980    DW termfunc
    8006 0C80    DW codestart
                
                ;[File: knight_rider.asm]
                ;Addresses
                KERN_IOCHANGELED    EQU 0306h
                
                ;Parameter
                PARAM_TIMERDIV      SET 4   ;Timer divison factor
                
                ;Variables
    8008 00     VAR_timerhandle     DB  0
    8009 00     VAR_timerdiv        DB  0
    800A 01     VAR_leds            DB  01h
    800B 00     VAR_direction       DB  0
                
                ;-------------------------------------;
                ; begin of assembly code
                
                codestart
                ;[File: C:\Program Files (x86)\myca\include\tsr.hsm]
                ;[ASCII]
                
                tsrinitfunc
    800C 04        CLC
    800D 1BD202    JSR (KERN_ISLOADED)
    8010 2C        CLA
    8011 171E80    JPC exit_tsr
    8014 1A1F80    JSR initfunc
    8017 20        TAX
    8018 181E80    JNZ exit_tsr
    801B 11C202    JMP (KERN_EXITTSR)
                exit_tsr
    801E 1F        RTS
                
                ;[File: knight_rider.asm]
                ;--------------------------------------------------------- 
                ;TSR init 
                ;--------------------------------------------------------- 
                initfunc  
                
                            ;move this program to a separate memory page
                            ;LPT  #codestart
                            ;LDA  #0Eh
                            ;JSR  (KERN_MULTIPLEX)  ;may fail on older kernel
                
    801F 3004               LDA  #PARAM_TIMERDIV
    8021 420980             STAA VAR_timerdiv
    8024 320A80             LDAA VAR_leds
    8027 1B0603             JSR  (KERN_IOCHANGELED)
                
                            ;Setup timer-interrupt
    802A 2C                 CLA    
    802B 6C3680             LPT  #timercallback  
    802E 1B1203             JSR  (KERN_MULTIPLEX) 
    8031 420880             STAA VAR_timerhandle  ;Save adress of timerhandle
    8034 2C                 CLA
    8035 1F                 RTS
                
                ;--------------------------------------------------------- 
                ;Timer interrupt   
                ;--------------------------------------------------------- 
                timercallback
    8036 8D0980             DECA VAR_timerdiv
    8039 193D80             JPZ  start
    803C 1F                 RTS
                
                ;--------------------------------------------------------- 
                ;Main program 
                ;--------------------------------------------------------- 
                start   
    803D 3004               LDA  #PARAM_TIMERDIV
    803F 420980             STAA VAR_timerdiv
                
    8042 320A80             LDAA VAR_leds
    8045 7001               CMP  #01h
    8047 195780             JPZ  setl
    804A 7008               CMP  #08h
    804C 185D80             JNZ  checkdir
                
    804F 3001   setr        LDA #01h
    8051 420B80             STAA VAR_direction
    8054 106D80             JMP  right           
                
    8057 2F0B80 setl        STZ VAR_direction
    805A 106380             JMP  left
                
    805D 320B80 checkdir    LDAA VAR_direction
    8060 186D80             JNZ  right
                
    8063 AD0A80 left        SHLA VAR_leds
    8066 320A80             LDAA VAR_leds
    8069 1B0603             JSR  (KERN_IOCHANGELED)
    806C 1F                 RTS
                
    806D BD0A80 right       SHRA VAR_leds
    8070 320A80             LDAA VAR_leds
    8073 1B0603             JSR  (KERN_IOCHANGELED)
    8076 1F                 RTS
                
    8077 04     _RTS        CLC
    8078 1F                 RTS
                
                ;--------------------------------------------------------- 
                ;TSR termination
                ;--------------------------------------------------------- 
                termfunc  
                            ;set leds to default
    8079 30FF               LDA  #FFh
    807B 1B0603             JSR  (KERN_IOCHANGELED)
                            ;uninstall timer interrupt
    807E 520880             LDXA VAR_timerhandle
    8081 197780             JPZ  _RTS
    8084 2F0880             STZ  VAR_timerhandle
    8087 3001               LDA  #01h
    8089 111203             JMP  (KERN_MULTIPLEX)
    808C 1F                 RTS
                


Segment Table:
**************
Segment Name                 Startaddr  Endaddr     Size  Type
=========================================================================
default                           8000     808C       8D  CODE  fixed
- - - - - - - - - - - - - - - - - - - - - - - - - - - - - - - - - - - - -

No errors found.
